apps/web/src/App.tsx(15,1): error TS6133: 'Zones' is declared but its value is never read.
apps/web/src/components/BatchSelectionModal.tsx(1,27): error TS6133: 'useEffect' is declared but its value is never read.
apps/web/src/components/BatchSelectionModal.tsx(2,32): error TS6133: 'Card' is declared but its value is never read.
apps/web/src/components/BinGeneratorModal.tsx(2,10): error TS6133: 'Card' is declared but its value is never read.
apps/web/src/components/BinGeneratorModal.tsx(3,28): error TS6133: 'X' is declared but its value is never read.
apps/web/src/components/MainLayout.tsx(6,3): error TS6133: 'Package' is declared but its value is never read.
apps/web/src/components/MainLayout.tsx(7,3): error TS6133: 'Settings' is declared but its value is never read.
apps/web/src/components/MainLayout.tsx(12,3): error TS6133: 'ChevronDown' is declared but its value is never read.
apps/web/src/components/MainLayout.tsx(40,63): error TS6133: 'path' is declared but its value is never read.
apps/web/src/components/MainLayout.tsx(263,7): error TS6133: 'Badge' is declared but its value is never read.
apps/web/src/pages/Items.tsx(2,56): error TS6133: 'Badge' is declared but its value is never read.
apps/web/src/pages/Items.tsx(4,52): error TS6133: 'Boxes' is declared but its value is never read.
apps/web/src/pages/Items.tsx(4,66): error TS6133: 'Tag' is declared but its value is never read.
apps/web/src/pages/PriceLists.tsx(2,10): error TS6133: 'Table' is declared but its value is never read.
apps/web/src/pages/PriceLists.tsx(4,21): error TS6133: 'Trash2' is declared but its value is never read.
apps/web/src/pages/PriceLists.tsx(4,57): error TS6133: 'Info' is declared but its value is never read.
apps/web/src/pages/PriceLists.tsx(4,63): error TS6133: 'Package' is declared but its value is never read.
apps/web/src/pages/PriceLists.tsx(16,10): error TS6133: 'loadingPrices' is declared but its value is never read.
apps/web/src/pages/PurchaseDeliveryNotes.tsx(4,48): error TS6133: 'ShoppingCart' is declared but its value is never read.
apps/web/src/pages/PurchaseDeliveryNotes.tsx(21,37): error TS6133: 'removeLine' is declared but its value is never read.
apps/web/src/pages/PurchaseInvoices.tsx(21,37): error TS6133: 'removeLine' is declared but its value is never read.
apps/web/src/pages/PurchaseOrders.tsx(12,10): error TS6133: 'selectedOrderId' is declared but its value is never read.
apps/web/src/pages/Warehouses.tsx(4,63): error TS6133: 'Settings2' is declared but its value is never read.
apps/web/src/pages/Zones.tsx(4,22): error TS6133: 'Plus' is declared but its value is never read.
